============================= test session starts =============================
platform win32 -- Python 3.12.0, pytest-8.2.0, pluggy-1.6.0 -- C:\Cartografia\Gestao_Projets\capacidade_produtiva\backend\.venv\Scripts\python.exe
cachedir: .pytest_cache
rootdir: C:\Cartografia\Gestao_Projets\capacidade_produtiva\backend
configfile: pyproject.toml
plugins: anyio-4.12.1, cov-5.0.0
collecting ... collected 2 items

tests/test_sap_sync_integration.py::test_sync_idempotente PASSED         [ 50%]
tests/test_sap_sync_integration.py::test_limpeza_remove_finalizadas_antigas PASSED [100%]

---------- coverage: platform win32, python 3.12.0-final-0 -----------
Name                                     Stmts   Miss  Cover   Missing
----------------------------------------------------------------------
src\cp\__init__.py                           1      0   100%
src\cp\api\__init__.py                       0      0   100%
src\cp\application\__init__.py               0      0   100%
src\cp\cli\__init__.py                       0      0   100%
src\cp\cli\create_config.py                207    207     0%   17-541
src\cp\config\__init__.py                    0      0   100%
src\cp\config\settings.py                   23      0   100%
src\cp\domain\__init__.py                    0      0   100%
src\cp\infrastructure\__init__.py            0      0   100%
src\cp\infrastructure\db.py                  8      0   100%
src\cp\infrastructure\sap_sync\sync.py      93      2    98%   44, 67
src\cp\main.py                               5      5     0%   5-17
----------------------------------------------------------------------
TOTAL                                      337    214    36%

FAIL Required test coverage of 80% not reached. Total coverage: 36.50%

============================== 2 passed in 1.32s ==============================
